// Jest Snapshot v1, https://goo.gl/fbAQLP

exports[`<LoginPage /> Should render without errors 1`] = `
<div
  className=""
  id="myModal"
>
  <div
    className="modal-dialog modal-login"
  >
    <div
      className="modal-content"
    >
      <div
        className="modal-header"
      >
        <h4
          className="modal-title"
        >
          Sign In
        </h4>
      </div>
      <div
        className="modal-body"
      >
        <div
          className="form-group"
        >
          <div
            className="input-group"
          >
            <span
              className="input-group-addon"
            >
              <i
                className="fa fa-user"
              />
            </span>
            <input
              className="form-control "
              name="name"
              onChange={[Function]}
              placeholder="Name"
              type="text"
              value=""
            />
          </div>
        </div>
        <div
          className="form-group"
        >
          <div
            className="input-group"
          >
            <span
              className="input-group-addon"
            >
              <i
                className="fa fa-user"
              />
            </span>
            <input
              className="form-control "
              name="email"
              onChange={[Function]}
              placeholder="E-mail"
              type="text"
              value=""
            />
          </div>
        </div>
        <div
          className="form-group"
        >
          <button
            className="btn btn-primary btn-block btn-lg"
            onClick={[Function]}
            type="button"
          >
            Sign In
          </button>
        </div>
      </div>
    </div>
  </div>
</div>
`;
